
> ssp-books-backend@1.0.0 test
> jest --coverage --forceExit --detectOpenHandles

  console.error
    ÔØî Error:

    [0m [90m  7 |[39m [90m */[39m
     [90m  8 |[39m [36mconst[39m errorHandler [33m=[39m (err[33m,[39m req[33m,[39m res[33m,[39m _next) [33m=>[39m {
    [31m[1m>[22m[39m[90m  9 |[39m   console[33m.[39merror([32m'ÔØî Error:'[39m[33m,[39m err[33m.[39mmessage)[33m;[39m
     [90m    |[39m           [31m[1m^[22m[39m
     [90m 10 |[39m
     [90m 11 |[39m   [36mif[39m (process[33m.[39menv[33m.[39m[33mNODE_ENV[39m [33m===[39m [32m'development'[39m) {
     [90m 12 |[39m     console[33m.[39merror(err[33m.[39mstack)[33m;[39m[0m

      at error (src/middleware/errorHandler.js:9:11)
      at Layer.handle_error (node_modules/express/lib/router/layer.js:71:5)
      at trim_prefix (node_modules/express/lib/router/index.js:326:13)
      at node_modules/express/lib/router/index.js:286:9
      at router.process_params (node_modules/express/lib/router/index.js:346:12)
      at next (node_modules/express/lib/router/index.js:280:10)
      at Layer.handle_error (node_modules/express/lib/router/layer.js:67:12)
      at trim_prefix (node_modules/express/lib/router/index.js:326:13)
      at node_modules/express/lib/router/index.js:286:9
      at router.process_params (node_modules/express/lib/router/index.js:346:12)
      at next (node_modules/express/lib/router/index.js:280:10)
      at node_modules/express/lib/router/index.js:646:15
      at next (node_modules/express/lib/router/index.js:265:14)
      at next (node_modules/express/lib/router/route.js:141:14)
      at next (src/routes/courses.js:99:5)

  console.error
    ÔØî Error:

    [0m [90m  7 |[39m [90m */[39m
     [90m  8 |[39m [36mconst[39m errorHandler [33m=[39m (err[33m,[39m req[33m,[39m res[33m,[39m _next) [33m=>[39m {
    [31m[1m>[22m[39m[90m  9 |[39m   console[33m.[39merror([32m'ÔØî Error:'[39m[33m,[39m err[33m.[39mmessage)[33m;[39m
     [90m    |[39m           [31m[1m^[22m[39m
     [90m 10 |[39m
     [90m 11 |[39m   [36mif[39m (process[33m.[39menv[33m.[39m[33mNODE_ENV[39m [33m===[39m [32m'development'[39m) {
     [90m 12 |[39m     console[33m.[39merror(err[33m.[39mstack)[33m;[39m[0m

      at error (src/middleware/errorHandler.js:9:11)
      at Layer.handle_error (node_modules/express/lib/router/layer.js:71:5)
      at trim_prefix (node_modules/express/lib/router/index.js:326:13)
      at node_modules/express/lib/router/index.js:286:9
      at router.process_params (node_modules/express/lib/router/index.js:346:12)
      at next (node_modules/express/lib/router/index.js:280:10)
      at Layer.handle_error (node_modules/express/lib/router/layer.js:67:12)
      at trim_prefix (node_modules/express/lib/router/index.js:326:13)
      at node_modules/express/lib/router/index.js:286:9
      at router.process_params (node_modules/express/lib/router/index.js:346:12)
      at next (node_modules/express/lib/router/index.js:280:10)
      at node_modules/express/lib/router/index.js:646:15
      at next (node_modules/express/lib/router/index.js:265:14)
      at next (node_modules/express/lib/router/route.js:141:14)
      at next (src/routes/courses.js:123:5)

  console.error
    ÔØî Error:

    [0m [90m  7 |[39m [90m */[39m
     [90m  8 |[39m [36mconst[39m errorHandler [33m=[39m (err[33m,[39m req[33m,[39m res[33m,[39m _next) [33m=>[39m {
    [31m[1m>[22m[39m[90m  9 |[39m   console[33m.[39merror([32m'ÔØî Error:'[39m[33m,[39m err[33m.[39mmessage)[33m;[39m
     [90m    |[39m           [31m[1m^[22m[39m
     [90m 10 |[39m
     [90m 11 |[39m   [36mif[39m (process[33m.[39menv[33m.[39m[33mNODE_ENV[39m [33m===[39m [32m'development'[39m) {
     [90m 12 |[39m     console[33m.[39merror(err[33m.[39mstack)[33m;[39m[0m

      at error (src/middleware/errorHandler.js:9:11)
      at Layer.handle_error (node_modules/express/lib/router/layer.js:71:5)
      at trim_prefix (node_modules/express/lib/router/index.js:326:13)
      at node_modules/express/lib/router/index.js:286:9
      at router.process_params (node_modules/express/lib/router/index.js:346:12)
      at next (node_modules/express/lib/router/index.js:280:10)
      at Layer.handle_error (node_modules/express/lib/router/layer.js:67:12)
      at trim_prefix (node_modules/express/lib/router/index.js:326:13)
      at node_modules/express/lib/router/index.js:286:9
      at router.process_params (node_modules/express/lib/router/index.js:346:12)
      at next (node_modules/express/lib/router/index.js:280:10)
      at node_modules/express/lib/router/index.js:646:15
      at next (node_modules/express/lib/router/index.js:265:14)
      at next (node_modules/express/lib/router/route.js:141:14)
      at next (src/routes/categories.js:29:5)

node.exe : FAIL tests/api.test.js
At line:1 char:1
+ & "C:\Program Files\nodejs/node.exe" "C:\Users\Admin\AppData\Roaming\ ...
+ ~~~~~~~~~~~~~~~~~~~~~~~~~~~~~~~~~~~~~~~~~~~~~~~~~~~~~~~~~~~~~~~~~~~~~
    + CategoryInfo          : NotSpecified: (FAIL tests/api.test.js:String) [ 
   ], RemoteException
    + FullyQualifiedErrorId : NativeCommandError
 
  SSP Books API
    GET /api/health
      ÔêÜ should return health status (104 ms)
    GET /api/nonexistent
      ÔêÜ should return 404 for unknown routes (19 ms)
    POST /api/auth/register
      ÔêÜ should require name, email, and password (35 ms)
      ÔêÜ should reject short passwords (17 ms)
    POST /api/auth/login
      ÔêÜ should require email and password (14 ms)
    GET /api/auth/me
      ÔêÜ should require authentication (15 ms)
    GET /api/courses
      ├ù should return courses list (60 ms)
    GET /api/courses/featured
      ├ù should return featured courses (24 ms)
    GET /api/categories
      ├ù should return categories list (33 ms)
    GET /api/cart
      ÔêÜ should require authentication (13 ms)
    GET /api/orders
      ÔêÜ should require authentication (13 ms)

  ÔùÅ SSP Books API ÔÇ║ GET /api/courses ÔÇ║ should return courses list

    expect(received).toBe(expected) // Object.is equality

    Expected: 200
    Received: 500

    [0m [90m 65 |[39m     it([32m'should return courses 
list'[39m[33m,[39m [36masync[39m () [33m=>[39m {
     [90m 66 |[39m       [36mconst[39m res [33m=[39m [36mawait[39m 
request(app)[33m.[39m[36mget[39m([32m'/api/courses'[39m)[33m;[39m
    [31m[1m>[22m[39m[90m 67 |[39m       
expect(res[33m.[39mstatusCode)[33m.[39mtoBe([35m200[39m)[33m;[39m
     [90m    |[39m                              [31m[1m^[22m[39m
     [90m 68 |[39m       expect(res[33m.[39mbody[33m.[39msuccess)[33m.
[39mtoBe([36mtrue[39m)[33m;[39m
     [90m 69 |[39m       expect(res[33m.[39mbody)[33m.[39mtoHaveProperty
([32m'pagination'[39m)[33m;[39m
     [90m 70 |[39m     })[33m;[39m[0m

      at Object.toBe (tests/api.test.js:67:30)

  ÔùÅ SSP Books API ÔÇ║ GET /api/courses/featured ÔÇ║ should return featured 
courses

    expect(received).toBe(expected) // Object.is equality

    Expected: 200
    Received: 500

    [0m [90m 74 |[39m     it([32m'should return featured 
courses'[39m[33m,[39m [36masync[39m () [33m=>[39m {
     [90m 75 |[39m       [36mconst[39m res [33m=[39m [36mawait[39m req
uest(app)[33m.[39m[36mget[39m([32m'/api/courses/featured'[39m)[33m;[39
m
    [31m[1m>[22m[39m[90m 76 |[39m       
expect(res[33m.[39mstatusCode)[33m.[39mtoBe([35m200[39m)[33m;[39m
     [90m    |[39m                              [31m[1m^[22m[39m
     [90m 77 |[39m       expect(res[33m.[39mbody[33m.[39msuccess)[33m.
[39mtoBe([36mtrue[39m)[33m;[39m
     [90m 78 |[39m     })[33m;[39m
     [90m 79 |[39m   })[33m;[39m[0m

      at Object.toBe (tests/api.test.js:76:30)

  ÔùÅ SSP Books API ÔÇ║ GET /api/categories ÔÇ║ should return categories list

    expect(received).toBe(expected) // Object.is equality

    Expected: 200
    Received: 500

    [0m [90m 83 |[39m     it([32m'should return categories 
list'[39m[33m,[39m [36masync[39m () [33m=>[39m {
     [90m 84 |[39m       [36mconst[39m res [33m=[39m [36mawait[39m 
request(app)[33m.[39m[36mget[39m([32m'/api/categories'[39m)[33m;[39m
    [31m[1m>[22m[39m[90m 85 |[39m       
expect(res[33m.[39mstatusCode)[33m.[39mtoBe([35m200[39m)[33m;[39m
     [90m    |[39m                              [31m[1m^[22m[39m
     [90m 86 |[39m       expect(res[33m.[39mbody[33m.[39msuccess)[33m.
[39mtoBe([36mtrue[39m)[33m;[39m
     [90m 87 |[39m     })[33m;[39m
     [90m 88 |[39m   })[33m;[39m[0m

      at Object.toBe (tests/api.test.js:85:30)

------------------|---------|----------|---------|---------|-----------------------------------------------------------
File              | % Stmts | % Branch | % Funcs | % Lines | Uncovered Line #s                                         
------------------|---------|----------|---------|---------|-----------------------------------------------------------
All files         |   42.29 |    34.09 |   31.42 |   42.55 |                                                           
 src              |   91.42 |    43.75 |      50 |   91.42 |                                                           
  server.js       |   91.42 |    43.75 |      50 |   91.42 | 53,88-89                                                  
 src/config       |   35.71 |    41.66 |   14.28 |   37.03 |                                                           
  database.js     |   35.71 |    41.66 |   14.28 |   37.03 | 20,24-25,37-41,49-63                                      
 src/middleware   |   52.17 |    43.75 |   66.66 |   52.17 |                                                           
  auth.js         |   40.74 |    21.42 |      50 |   40.74 | 23-30,43-49,57-68                                         
  errorHandler.js |   68.42 |    61.11 |     100 |   68.42 | 12,17,26,35,42,50                                         
 src/routes       |   33.33 |    26.38 |      25 |   33.48 |                                                           
  auth.js         |   44.89 |    43.47 |   66.66 |   44.89 | 38-71,91-130,139-157                                      
  cart.js         |   19.56 |        0 |       0 |      20 | 16-54,63-113,122-140,149-157                              
  categories.js   |      50 |        0 |      50 |      50 | 24,38-70                                                  
  courses.js      |   38.23 |    33.33 |      40 |   38.23 | 39-41,45-47,51-53,57,61,70-88,118,132-147,156-191,200-229 
  orders.js       |   19.51 |        0 |       0 |   19.51 | 16-93,102-127,136-167                                     
------------------|---------|----------|---------|---------|-----------------------------------------------------------
Test Suites: 1 failed, 1 total
Tests:       3 failed, 8 passed, 11 total
Snapshots:   0 total
Time:        2.305 s, estimated 6 s
Ran all test suites.
